2024-07-26 13:30:43 INFO  (LoggingInitialization) Using log config file: jar:file:/home/nolan/Downloads/ghidra/ghidra_11.1.2_PUBLIC/Ghidra/Framework/Generic/lib/Generic.jar!/generic.log4j.xml  
2024-07-26 13:30:43 INFO  (LoggingInitialization) Using log file: /home/nolan/.config/ghidra/ghidra_11.1.2_PUBLIC/application.log  
2024-07-26 13:30:43 INFO  (Preferences) Loading user preferences: /home/nolan/.config/ghidra/ghidra_11.1.2_PUBLIC/preferences  
2024-07-26 13:30:45 INFO  (ClassSearcher) Searching for classes...  
2024-07-26 13:30:46 INFO  (ClassSearcher) Ignoring class 'generic.jar.GClassLoader' from '/home/nolan/Downloads/ghidra/ghidra_11.1.2_PUBLIC/Ghidra/Framework/Utility/lib/Utility.jar'. Already found at '/home/nolan/Downloads/ghidra/ghidra_11.1.2_PUBLIC/Ghidra/Framework/Utility/lib/Utility.jar'.  
2024-07-26 13:30:46 INFO  (ClassSearcher) Ignoring class 'ghidra.GhidraClassLoader' from '/home/nolan/Downloads/ghidra/ghidra_11.1.2_PUBLIC/Ghidra/Framework/Utility/lib/Utility.jar'. Already found at '/home/nolan/Downloads/ghidra/ghidra_11.1.2_PUBLIC/Ghidra/Framework/Utility/lib/Utility.jar'.  
2024-07-26 13:30:46 INFO  (ClassSearcher) Class search complete (814 ms)  
2024-07-26 13:30:46 INFO  (SSLContextInitializer) Initializing SSL Context  
2024-07-26 13:30:46 INFO  (SecureRandomFactory) Initializing Random Number Generator...  
2024-07-26 13:30:46 INFO  (SecureRandomFactory) Random Number Generator initialization complete: NativePRNGNonBlocking  
2024-07-26 13:30:46 INFO  (ApplicationTrustManagerFactory) Trust manager disabled, cacerts have not been set  
2024-07-26 13:30:46 INFO  (GhidraRun) User nolan started Ghidra.  
2024-07-26 13:30:46 INFO  (GhidraRun) User settings directory: /home/nolan/.config/ghidra/ghidra_11.1.2_PUBLIC  
2024-07-26 13:30:46 INFO  (GhidraRun) User temp directory: /tmp/nolan-ghidra  
2024-07-26 13:30:46 INFO  (GhidraRun) User cache directory: /home/nolan/.cache/ghidra  
2024-07-26 13:30:46 DEBUG (DefaultProjectManager) No tools found; Installing default tools  
2024-07-26 13:30:46 DEBUG (DefaultProjectManager) 	no recent project directories found  
2024-07-26 13:30:47 DEBUG (RecoverySnapshotMgrPlugin) Recovery snapshot timer set to 5 minute(s)  
2024-07-26 13:30:48 INFO  (GhidraRun) Ghidra startup complete (5125 ms)  
2024-07-26 13:30:55 INFO  (LoggingInitialization) Using log config file: jar:file:/home/nolan/Downloads/ghidra/ghidra_11.1.2_PUBLIC/Ghidra/Framework/Generic/lib/Generic.jar!/generic.log4j.xml  
2024-07-26 13:30:55 INFO  (LoggingInitialization) Using log file: /home/nolan/.config/ghidra/ghidra_11.1.2_PUBLIC/application.log  
2024-07-26 13:30:56 INFO  (Preferences) Loading user preferences: /home/nolan/.config/ghidra/ghidra_11.1.2_PUBLIC/preferences  
2024-07-26 13:30:56 INFO  (ClassSearcher) Searching for classes...  
2024-07-26 13:30:57 INFO  (ClassSearcher) Ignoring class 'generic.jar.GClassLoader' from '/home/nolan/Downloads/ghidra/ghidra_11.1.2_PUBLIC/Ghidra/Framework/Utility/lib/Utility.jar'. Already found at '/home/nolan/Downloads/ghidra/ghidra_11.1.2_PUBLIC/Ghidra/Framework/Utility/lib/Utility.jar'.  
2024-07-26 13:30:57 INFO  (ClassSearcher) Ignoring class 'ghidra.GhidraClassLoader' from '/home/nolan/Downloads/ghidra/ghidra_11.1.2_PUBLIC/Ghidra/Framework/Utility/lib/Utility.jar'. Already found at '/home/nolan/Downloads/ghidra/ghidra_11.1.2_PUBLIC/Ghidra/Framework/Utility/lib/Utility.jar'.  
2024-07-26 13:30:57 INFO  (ClassSearcher) Class search complete (828 ms)  
2024-07-26 13:30:57 INFO  (SSLContextInitializer) Initializing SSL Context  
2024-07-26 13:30:57 INFO  (SecureRandomFactory) Initializing Random Number Generator...  
2024-07-26 13:30:57 INFO  (SecureRandomFactory) Random Number Generator initialization complete: NativePRNGNonBlocking  
2024-07-26 13:30:57 INFO  (ApplicationTrustManagerFactory) Trust manager disabled, cacerts have not been set  
2024-07-26 13:30:57 INFO  (GhidraRun) User nolan started Ghidra.  
2024-07-26 13:30:57 INFO  (GhidraRun) User settings directory: /home/nolan/.config/ghidra/ghidra_11.1.2_PUBLIC  
2024-07-26 13:30:57 INFO  (GhidraRun) User temp directory: /tmp/nolan-ghidra  
2024-07-26 13:30:57 INFO  (GhidraRun) User cache directory: /home/nolan/.cache/ghidra  
2024-07-26 13:30:58 DEBUG (RecoverySnapshotMgrPlugin) Recovery snapshot timer set to 5 minute(s)  
2024-07-26 13:30:58 INFO  (GhidraRun) Ghidra startup complete (2573 ms)  
2024-07-26 13:31:49 INFO  (LoggingInitialization) Using log config file: jar:file:/home/nolan/Downloads/ghidra/ghidra_11.1.2_PUBLIC/Ghidra/Framework/Generic/lib/Generic.jar!/generic.log4j.xml  
2024-07-26 13:31:49 INFO  (LoggingInitialization) Using log file: /home/nolan/.config/ghidra/ghidra_11.1.2_PUBLIC/application.log  
2024-07-26 13:31:49 INFO  (Preferences) Loading user preferences: /home/nolan/.config/ghidra/ghidra_11.1.2_PUBLIC/preferences  
2024-07-26 13:31:50 INFO  (ClassSearcher) Searching for classes...  
2024-07-26 13:31:50 INFO  (ClassSearcher) Ignoring class 'generic.jar.GClassLoader' from '/home/nolan/Downloads/ghidra/ghidra_11.1.2_PUBLIC/Ghidra/Framework/Utility/lib/Utility.jar'. Already found at '/home/nolan/Downloads/ghidra/ghidra_11.1.2_PUBLIC/Ghidra/Framework/Utility/lib/Utility.jar'.  
2024-07-26 13:31:50 INFO  (ClassSearcher) Ignoring class 'ghidra.GhidraClassLoader' from '/home/nolan/Downloads/ghidra/ghidra_11.1.2_PUBLIC/Ghidra/Framework/Utility/lib/Utility.jar'. Already found at '/home/nolan/Downloads/ghidra/ghidra_11.1.2_PUBLIC/Ghidra/Framework/Utility/lib/Utility.jar'.  
2024-07-26 13:31:50 INFO  (ClassSearcher) Class search complete (820 ms)  
2024-07-26 13:31:51 INFO  (SSLContextInitializer) Initializing SSL Context  
2024-07-26 13:31:51 INFO  (SecureRandomFactory) Initializing Random Number Generator...  
2024-07-26 13:31:51 INFO  (SecureRandomFactory) Random Number Generator initialization complete: NativePRNGNonBlocking  
2024-07-26 13:31:51 INFO  (ApplicationTrustManagerFactory) Trust manager disabled, cacerts have not been set  
2024-07-26 13:31:51 INFO  (GhidraRun) User nolan started Ghidra.  
2024-07-26 13:31:51 INFO  (GhidraRun) User settings directory: /home/nolan/.config/ghidra/ghidra_11.1.2_PUBLIC  
2024-07-26 13:31:51 INFO  (GhidraRun) User temp directory: /tmp/nolan-ghidra  
2024-07-26 13:31:51 INFO  (GhidraRun) User cache directory: /home/nolan/.cache/ghidra  
2024-07-26 13:31:51 DEBUG (RecoverySnapshotMgrPlugin) Recovery snapshot timer set to 5 minute(s)  
2024-07-26 13:31:51 INFO  (GhidraRun) Invalid Project: The specified file is not a project file: /home/nolan/Downloads/nzxt/AFUWIN/amifldrv64.sys  
2024-07-26 13:31:54 INFO  (GhidraRun) Ghidra startup complete (5205 ms)  
2024-07-26 13:32:05 INFO  (LoggingInitialization) Using log config file: jar:file:/home/nolan/Downloads/ghidra/ghidra_11.1.2_PUBLIC/Ghidra/Framework/Generic/lib/Generic.jar!/generic.log4j.xml  
2024-07-26 13:32:05 INFO  (LoggingInitialization) Using log file: /home/nolan/.config/ghidra/ghidra_11.1.2_PUBLIC/application.log  
2024-07-26 13:32:05 INFO  (Preferences) Loading user preferences: /home/nolan/.config/ghidra/ghidra_11.1.2_PUBLIC/preferences  
2024-07-26 13:32:05 INFO  (ClassSearcher) Searching for classes...  
2024-07-26 13:32:06 INFO  (ClassSearcher) Ignoring class 'generic.jar.GClassLoader' from '/home/nolan/Downloads/ghidra/ghidra_11.1.2_PUBLIC/Ghidra/Framework/Utility/lib/Utility.jar'. Already found at '/home/nolan/Downloads/ghidra/ghidra_11.1.2_PUBLIC/Ghidra/Framework/Utility/lib/Utility.jar'.  
2024-07-26 13:32:06 INFO  (ClassSearcher) Ignoring class 'ghidra.GhidraClassLoader' from '/home/nolan/Downloads/ghidra/ghidra_11.1.2_PUBLIC/Ghidra/Framework/Utility/lib/Utility.jar'. Already found at '/home/nolan/Downloads/ghidra/ghidra_11.1.2_PUBLIC/Ghidra/Framework/Utility/lib/Utility.jar'.  
2024-07-26 13:32:06 INFO  (ClassSearcher) Class search complete (861 ms)  
2024-07-26 13:32:06 INFO  (SSLContextInitializer) Initializing SSL Context  
2024-07-26 13:32:06 INFO  (SecureRandomFactory) Initializing Random Number Generator...  
2024-07-26 13:32:06 INFO  (SecureRandomFactory) Random Number Generator initialization complete: NativePRNGNonBlocking  
2024-07-26 13:32:06 INFO  (ApplicationTrustManagerFactory) Trust manager disabled, cacerts have not been set  
2024-07-26 13:32:06 INFO  (GhidraRun) User nolan started Ghidra.  
2024-07-26 13:32:06 INFO  (GhidraRun) User settings directory: /home/nolan/.config/ghidra/ghidra_11.1.2_PUBLIC  
2024-07-26 13:32:06 INFO  (GhidraRun) User temp directory: /tmp/nolan-ghidra  
2024-07-26 13:32:06 INFO  (GhidraRun) User cache directory: /home/nolan/.cache/ghidra  
2024-07-26 13:32:07 DEBUG (RecoverySnapshotMgrPlugin) Recovery snapshot timer set to 5 minute(s)  
2024-07-26 13:32:07 INFO  (GhidraRun) Ghidra startup complete (2651 ms)  
2024-07-26 13:32:37 INFO  (DefaultProject) Creating project: /home/nolan/nzxt  
2024-07-26 13:32:55 INFO  (FileCacheMaintenanceDaemon) Starting cache cleanup: /home/nolan/.cache/ghidra/fscache2  
2024-07-26 13:32:55 INFO  (FileCacheMaintenanceDaemon) Finished cache cleanup, estimated storage used: 0  
2024-07-26 13:33:03 DEBUG (ElfHeader) Elf symbol table section .dynsym linked to string table section .dynstr  
2024-07-26 13:33:03 DEBUG (ElfHeader) Elf symbol table section .symtab linked to string table section .strtab  
2024-07-26 13:33:03 DEBUG (ElfHeader) Elf relocation table section .rela.dyn linked to symbol table section .dynsym affecting PT_LOAD  
2024-07-26 13:33:03 DEBUG (ElfHeader) Elf relocation table section .rela.plt linked to symbol table section .dynsym affecting .got.plt  
2024-07-26 13:33:07 DEBUG (ElfHeader) Elf symbol table section .dynsym linked to string table section .dynstr  
2024-07-26 13:33:07 DEBUG (ElfHeader) Elf symbol table section .symtab linked to string table section .strtab  
2024-07-26 13:33:07 DEBUG (ElfHeader) Elf relocation table section .rela.dyn linked to symbol table section .dynsym affecting PT_LOAD  
2024-07-26 13:33:07 DEBUG (ElfHeader) Elf relocation table section .rela.plt linked to symbol table section .dynsym affecting .got.plt  
2024-07-26 13:33:07 DEBUG (ElfProgramBuilder) Discarding 2-byte alignment/filler segment_4.2 at 0010205a  
2024-07-26 13:33:07 DEBUG (ElfProgramBuilder) Discarding 13-byte alignment/filler segment_3.2 at 00101003  
2024-07-26 13:33:07 DEBUG (ElfProgramBuilder) Discarding 8-byte alignment/filler segment_3.5 at 00101118  
2024-07-26 13:33:07 DEBUG (ElfProgramBuilder) Discarding 7-byte alignment/filler segment_2.3 at 00100331  
2024-07-26 13:33:07 DEBUG (ElfProgramBuilder) Discarding 4-byte alignment/filler segment_2.6 at 0010038c  
2024-07-26 13:33:07 DEBUG (ElfProgramBuilder) Discarding 4-byte alignment/filler segment_2.8 at 001003c4  
2024-07-26 13:33:07 DEBUG (ElfProgramBuilder) Discarding 7-byte alignment/filler segment_2.11 at 001006f1  
2024-07-26 13:33:08 INFO  (ImporterUtilities) Additional info:
Loading file:///home/nolan/projects/a.out?MD5=6528718088945b5c1c98adbbdc3335d1...
ELF Relocation Failure: R_X86_64_COPY (5, 0x5) at 00103e08 (Symbol = stderr) - Runtime copy not supported (8-bytes)
Setting block .init_array to read-only
Setting block .fini_array to read-only
Setting block .data.rel.ro to read-only
Setting block .dynamic to read-only
Failed to markup ELF Note at 00100338: data conflict
Failed to markup ELF Note at 00100368: data conflict
------------------------------------------------

Linking the External Programs of 'a.out' to imported libraries...
  [libc.so] -> not found in project
------------------------------------------------

Resolving External Symbols of [/a.out] - 15 unresolved symbols, no external libraries configured - skipping
  
2024-07-26 13:33:16 DEBUG (ElfHeader) Elf symbol table section .dynsym linked to string table section .dynstr  
2024-07-26 13:33:16 DEBUG (ElfHeader) Elf symbol table section .symtab linked to string table section .strtab  
2024-07-26 13:33:16 DEBUG (ElfHeader) Elf relocation table section .rela.dyn linked to symbol table section .dynsym affecting PT_LOAD  
2024-07-26 13:33:16 DEBUG (ElfHeader) Elf relocation table section .rela.plt linked to symbol table section .dynsym affecting .got.plt  
2024-07-26 13:33:36 INFO  (ImporterUtilities) Additional info:
Loading file:///home/nolan/Downloads/nzxt/AFUWIN/amifldrv64.sys?MD5=785045f8b25cd2e937ddc6b09debe01a...
Delay imports detected...
------------------------------------------------

Searching 1 local path for library HAL.DLL...
Library not found.
Searching 6 system paths for library HAL.DLL...
Library not found.
------------------------------------------------

Searching 1 local path for library NTOSKRNL.EXE...
Library not found.
Searching 6 system paths for library NTOSKRNL.EXE...
Library not found.
------------------------------------------------

Linking the External Programs of 'amifldrv64.sys' to imported libraries...
  [NTOSKRNL.EXE] -> not found in project
  [HAL.DLL] -> not found in project
------------------------------------------------

  
2024-07-26 13:33:44 INFO  (FileSystemInstanceManager) Removing 3 unused filesystems from cache  
2024-07-26 13:33:44 DEBUG (FileSystemInstanceManager) Closing unused filesystem [file:///usr/bin]  
2024-07-26 13:33:44 DEBUG (FileSystemInstanceManager) Closing unused filesystem [file:///usr/lib64]  
2024-07-26 13:33:44 DEBUG (FileSystemInstanceManager) Closing unused filesystem [file:///usr/lib]  
